// Jest Snapshot v1, https://goo.gl/fbAQLP

exports[`RoverInstructionsOutputItem snapshot renders 1`] = `
<div>
  1
   
  3
   
  N
</div>
`;
